I'm sorry, but errors were detected in your script. Please correct the
errors listed below, and try again.


File "game/script.rpy", line 13: expected '=' not found.
    default define pedro = Character("Pedro")
                   ^

Ren'Py Version: Ren'Py 8.3.4.24120703
Sat Mar 22 20:36:34 2025
